// Jest Snapshot v1, https://goo.gl/fbAQLP

exports[`[ContentWrapper] should render correctly 1`] = `
<View
  style={
    Array [
      Object {
        "backgroundColor": "#FFFFFF",
        "paddingHorizontal": 16,
      },
    ]
  }
/>
`;
