// Jest Snapshot v1, https://goo.gl/fbAQLP

exports[`[ScheduleItem] should render correctly 1`] = `
<View
  accessible={true}
  collapsable={false}
  focusable={true}
  onBlur={[Function]}
  onClick={[Function]}
  onFocus={[Function]}
  onResponderGrant={[Function]}
  onResponderMove={[Function]}
  onResponderRelease={[Function]}
  onResponderTerminate={[Function]}
  onResponderTerminationRequest={[Function]}
  onStartShouldSetResponder={[Function]}
>
  <View
    style={
      Array [
        Object {
          "alignItems": "center",
          "flex": 1,
          "flexDirection": "row",
          "justifyContent": "space-between",
        },
      ]
    }
  >
    <View
      style={
        Array [
          Object {
            "flex": 1,
          },
        ]
      }
    >
      <Text
        style={
          Array [
            Object {
              "color": "#000000",
              "fontFamily": "NunitoSans-Regular",
              "fontSize": 16,
              "fontWeight": "bold",
              "lineHeight": 24,
            },
          ]
        }
      >
        <Text
          style={
            Array [
              Object {
                "color": "#14458E",
              },
            ]
          }
        >
          FRI MAR 31
        </Text>
         
        @ 
        4:05 PM
      </Text>
      <Text
        style={
          Array [
            Object {
              "color": "#000000",
              "fontFamily": "NunitoSans-Regular",
              "fontSize": 16,
              "fontWeight": "bold",
              "lineHeight": 24,
            },
          ]
        }
      >
        This is a title
      </Text>
      <Text
        style={
          Array [
            Object {
              "color": "#A8A8A8",
              "fontFamily": "NunitoSans-Regular",
              "fontSize": 14,
              "fontWeight": "500",
              "lineHeight": 21,
            },
          ]
        }
      >
        This is a description
      </Text>
    </View>
    <View
      style={
        Array [
          Object {
            "marginLeft": 16,
          },
        ]
      }
    >
      <View
        style={
          Array [
            Object {
              "height": 48,
              "width": 48,
            },
          ]
        }
      />
    </View>
  </View>
</View>
`;
